2026-09-20 10:06:59,714 [INFO] Initializing engines for evaluation match...
2026-09-20 10:07:02,412 [INFO] Engine 1: UniChessTransformer_20m (MCTS 160)
2026-09-20 10:07:02,412 [INFO] Engine 2: chess_ai_v2.0.0 (CNN+ResVal depth=4 0.6s)
2026-09-20 10:07:02,412 [INFO] Total games scheduled: 6
2026-09-20 10:07:02,412 [INFO] 
--- Starting Game 1/6: White=UniChessTransformer_20m (MCTS 160) vs Black=chess_ai_v2.0.0 (CNN+ResVal depth=4 0.6s) ---
2026-09-20 10:08:39,270 [INFO] Game 1 finished: Result=1/2-1/2, Moves=75, Plies=150, White avg time=0.75s, Black avg time=0.53s
2026-09-20 10:08:39,270 [INFO] Current Match Score: UniChess 0.5 - 0.5 chess_ai
2026-09-20 10:08:39,271 [INFO] 
--- Starting Game 2/6: White=chess_ai_v2.0.0 (CNN+ResVal depth=4 0.6s) vs Black=UniChessTransformer_20m (MCTS 160) ---
2026-09-20 10:09:27,360 [INFO] Game 2 finished: Result=0-1, Moves=50, Plies=100, White avg time=0.59s, Black avg time=0.37s
2026-09-20 10:09:27,360 [INFO] Current Match Score: UniChess 1.5 - 0.5 chess_ai
2026-09-20 10:09:27,360 [INFO] 
--- Starting Game 3/6: White=UniChessTransformer_20m (MCTS 160) vs Black=chess_ai_v2.0.0 (CNN+ResVal depth=4 0.6s) ---
2026-09-20 10:10:35,820 [INFO] Game 3 finished: Result=1/2-1/2, Moves=65, Plies=129, White avg time=0.52s, Black avg time=0.54s
2026-09-20 10:10:35,820 [INFO] Current Match Score: UniChess 2.0 - 1.0 chess_ai
2026-09-20 10:10:35,820 [INFO] 
--- Starting Game 4/6: White=chess_ai_v2.0.0 (CNN+ResVal depth=4 0.6s) vs Black=UniChessTransformer_20m (MCTS 160) ---
2026-09-20 10:11:18,140 [INFO] Game 4 finished: Result=0-1, Moves=41, Plies=82, White avg time=0.57s, Black avg time=0.46s
2026-09-20 10:11:18,140 [INFO] Current Match Score: UniChess 3.0 - 1.0 chess_ai
2026-09-20 10:11:18,140 [INFO] 
--- Starting Game 5/6: White=UniChessTransformer_20m (MCTS 160) vs Black=chess_ai_v2.0.0 (CNN+ResVal depth=4 0.6s) ---
2026-09-20 10:11:56,256 [INFO] Game 5 finished: Result=1/2-1/2, Moves=35, Plies=70, White avg time=0.48s, Black avg time=0.60s
2026-09-20 10:11:56,260 [INFO] Current Match Score: UniChess 3.5 - 1.5 chess_ai
2026-09-20 10:11:56,260 [INFO] 
--- Starting Game 6/6: White=chess_ai_v2.0.0 (CNN+ResVal depth=4 0.6s) vs Black=UniChessTransformer_20m (MCTS 160) ---
2026-09-20 10:12:31,865 [INFO] Game 6 finished: Result=1-0, Moves=29, Plies=57, White avg time=0.60s, Black avg time=0.65s
2026-09-20 10:12:31,865 [INFO] Current Match Score: UniChess 3.5 - 2.5 chess_ai
2026-09-20 10:12:31,865 [INFO] 
================ MATCH COMPLETED ================
2026-09-20 10:12:31,865 [INFO] Final Score: UniChessTransformer 3.5 - 2.5 chess_ai (6 games)
