2026-09-20 11:55:04,818 [INFO] Initializing engines for evaluation match...
2026-09-20 11:55:05,447 [INFO] Engine 1: UniChessTransformer_20m (MCTS 150)
2026-09-20 11:55:05,447 [INFO] Engine 2: chess_ai_v2.0.0 (CNN+ResVal depth=4 0.5s)
2026-09-20 11:55:05,447 [INFO] Total games scheduled: 6
2026-09-20 11:55:05,447 [INFO] 
--- Starting Game 1/6: White=UniChessTransformer_20m (MCTS 150) vs Black=chess_ai_v2.0.0 (CNN+ResVal depth=4 0.5s) ---
2026-09-20 11:55:26,234 [INFO] Game 1 finished: Result=1-0, Moves=23, Plies=45, White avg time=0.38s, Black avg time=0.55s
2026-09-20 11:55:26,234 [INFO] Current Match Score: UniChess 1.0 - 0.0 chess_ai
2026-09-20 11:55:26,234 [INFO] 
--- Starting Game 2/6: White=chess_ai_v2.0.0 (CNN+ResVal depth=4 0.5s) vs Black=UniChessTransformer_20m (MCTS 150) ---
2026-09-20 11:56:07,556 [INFO] Game 2 finished: Result=0-1, Moves=47, Plies=94, White avg time=0.52s, Black avg time=0.36s
2026-09-20 11:56:07,556 [INFO] Current Match Score: UniChess 2.0 - 0.0 chess_ai
2026-09-20 11:56:07,556 [INFO] 
--- Starting Game 3/6: White=UniChessTransformer_20m (MCTS 150) vs Black=chess_ai_v2.0.0 (CNN+ResVal depth=4 0.5s) ---
2026-09-20 11:56:16,024 [INFO] Game 3 finished: Result=1-0, Moves=11, Plies=21, White avg time=0.28s, Black avg time=0.53s
2026-09-20 11:56:16,024 [INFO] Current Match Score: UniChess 3.0 - 0.0 chess_ai
2026-09-20 11:56:16,024 [INFO] 
--- Starting Game 4/6: White=chess_ai_v2.0.0 (CNN+ResVal depth=4 0.5s) vs Black=UniChessTransformer_20m (MCTS 150) ---
2026-09-20 11:56:46,760 [INFO] Game 4 finished: Result=0-1, Moves=34, Plies=68, White avg time=0.55s, Black avg time=0.36s
2026-09-20 11:56:46,760 [INFO] Current Match Score: UniChess 4.0 - 0.0 chess_ai
2026-09-20 11:56:46,760 [INFO] 
--- Starting Game 5/6: White=UniChessTransformer_20m (MCTS 150) vs Black=chess_ai_v2.0.0 (CNN+ResVal depth=4 0.5s) ---
2026-09-20 11:57:30,538 [INFO] Game 5 finished: Result=1-0, Moves=45, Plies=89, White avg time=0.48s, Black avg time=0.50s
2026-09-20 11:57:30,539 [INFO] Current Match Score: UniChess 5.0 - 0.0 chess_ai
2026-09-20 11:57:30,539 [INFO] 
--- Starting Game 6/6: White=chess_ai_v2.0.0 (CNN+ResVal depth=4 0.5s) vs Black=UniChessTransformer_20m (MCTS 150) ---
2026-09-20 11:58:14,306 [INFO] Game 6 finished: Result=0-1, Moves=44, Plies=88, White avg time=0.52s, Black avg time=0.47s
2026-09-20 11:58:14,307 [INFO] Current Match Score: UniChess 6.0 - 0.0 chess_ai
2026-09-20 11:58:14,307 [INFO] 
================ MATCH COMPLETED ================
2026-09-20 11:58:14,307 [INFO] Final Score: UniChessTransformer 6.0 - 0.0 chess_ai (6 games)
