2026-09-20 10:34:08,966 [INFO] Initializing engines for evaluation match...
2026-09-20 10:34:10,470 [INFO] Engine 1: UniChessTransformer_20m (MCTS 160)
2026-09-20 10:34:10,471 [INFO] Engine 2: chess_ai_v2.0.0 (CNN+ResVal depth=4 0.6s)
2026-09-20 10:34:10,471 [INFO] Total games scheduled: 6
2026-09-20 10:34:10,471 [INFO] 
--- Starting Game 1/6: White=UniChessTransformer_20m (MCTS 160) vs Black=chess_ai_v2.0.0 (CNN+ResVal depth=4 0.6s) ---
2026-09-20 10:34:43,096 [INFO] Game 1 finished: Result=1-0, Moves=34, Plies=67, White avg time=0.35s, Black avg time=0.63s
2026-09-20 10:34:43,096 [INFO] Current Match Score: UniChess 1.0 - 0.0 chess_ai
2026-09-20 10:34:43,096 [INFO] 
--- Starting Game 2/6: White=chess_ai_v2.0.0 (CNN+ResVal depth=4 0.6s) vs Black=UniChessTransformer_20m (MCTS 160) ---
2026-09-20 10:35:19,019 [INFO] Game 2 finished: Result=1/2-1/2, Moves=35, Plies=69, White avg time=0.61s, Black avg time=0.43s
2026-09-20 10:35:19,022 [INFO] Current Match Score: UniChess 1.5 - 0.5 chess_ai
2026-09-20 10:35:19,022 [INFO] 
--- Starting Game 3/6: White=UniChessTransformer_20m (MCTS 160) vs Black=chess_ai_v2.0.0 (CNN+ResVal depth=4 0.6s) ---
2026-09-20 10:36:00,225 [INFO] Game 3 finished: Result=1-0, Moves=38, Plies=75, White avg time=0.47s, Black avg time=0.63s
2026-09-20 10:36:00,225 [INFO] Current Match Score: UniChess 2.5 - 0.5 chess_ai
2026-09-20 10:36:00,225 [INFO] 
--- Starting Game 4/6: White=chess_ai_v2.0.0 (CNN+ResVal depth=4 0.6s) vs Black=UniChessTransformer_20m (MCTS 160) ---
2026-09-20 10:37:19,181 [INFO] Game 4 finished: Result=0-1, Moves=71, Plies=142, White avg time=0.55s, Black avg time=0.56s
2026-09-20 10:37:19,181 [INFO] Current Match Score: UniChess 3.5 - 0.5 chess_ai
2026-09-20 10:37:19,181 [INFO] 
--- Starting Game 5/6: White=UniChessTransformer_20m (MCTS 160) vs Black=chess_ai_v2.0.0 (CNN+ResVal depth=4 0.6s) ---
2026-09-20 10:38:01,049 [INFO] Game 5 finished: Result=1-0, Moves=39, Plies=77, White avg time=0.49s, Black avg time=0.60s
2026-09-20 10:38:01,049 [INFO] Current Match Score: UniChess 4.5 - 0.5 chess_ai
2026-09-20 10:38:01,050 [INFO] 
--- Starting Game 6/6: White=chess_ai_v2.0.0 (CNN+ResVal depth=4 0.6s) vs Black=UniChessTransformer_20m (MCTS 160) ---
2026-09-20 10:38:54,654 [INFO] Game 6 finished: Result=1/2-1/2, Moves=55, Plies=110, White avg time=0.43s, Black avg time=0.54s
2026-09-20 10:38:54,654 [INFO] Current Match Score: UniChess 5.0 - 1.0 chess_ai
2026-09-20 10:38:54,654 [INFO] 
================ MATCH COMPLETED ================
2026-09-20 10:38:54,654 [INFO] Final Score: UniChessTransformer 5.0 - 1.0 chess_ai (6 games)
