Using device: cuda (NVIDIA GeForce RTX 5070 Ti)
Dataset: 63 train shards, 1 val shards
Data loader config: num_workers=4, pin_memory=True, precision=bf16, grad_accum_steps=1
Model: transformer_20m | Parameters: 20,318,983 (20.32M)
Beginning training...
Step     50 | Epoch  0 | Loss: 7.7860 (Pol: 6.4716, WDL: 1.1079) | P-Top1:  1.39% | P-Top5:  4.32% | WDL-Acc: 28.06% | VRAM: 268M/8016M | LR: 9.98e-04 | Speed: 1861.3 pos/s
Step    100 | Epoch  0 | Loss: 6.3776 (Pol: 5.1818, WDL: 1.0961) | P-Top1:  4.57% | P-Top5: 11.79% | WDL-Acc: 33.55% | VRAM: 278M/8016M | LR: 9.94e-04 | Speed: 2813.7 pos/s
Step    150 | Epoch  0 | Loss: 6.1378 (Pol: 4.9444, WDL: 1.0895) | P-Top1:  6.53% | P-Top5: 16.22% | WDL-Acc: 40.23% | VRAM: 268M/8016M | LR: 9.86e-04 | Speed: 2957.5 pos/s
Step    200 | Epoch  0 | Loss: 5.9775 (Pol: 4.8006, WDL: 1.0814) | P-Top1:  7.55% | P-Top5: 18.68% | WDL-Acc: 46.05% | VRAM: 268M/8016M | LR: 9.76e-04 | Speed: 2955.6 pos/s
Step    250 | Epoch  0 | Loss: 5.8905 (Pol: 4.7038, WDL: 1.0802) | P-Top1:  8.26% | P-Top5: 20.42% | WDL-Acc: 46.24% | VRAM: 268M/8016M | LR: 9.62e-04 | Speed: 2954.8 pos/s
Step    300 | Epoch  0 | Loss: 5.7172 (Pol: 4.5466, WDL: 1.0795) | P-Top1:  9.40% | P-Top5: 22.62% | WDL-Acc: 47.39% | VRAM: 278M/8016M | LR: 9.46e-04 | Speed: 2946.8 pos/s
Step    350 | Epoch  0 | Loss: 5.5209 (Pol: 4.3422, WDL: 1.0729) | P-Top1: 11.11% | P-Top5: 26.77% | WDL-Acc: 47.77% | VRAM: 268M/8016M | LR: 9.27e-04 | Speed: 2943.6 pos/s
Step    400 | Epoch  0 | Loss: 5.3647 (Pol: 4.2010, WDL: 1.0626) | P-Top1: 12.03% | P-Top5: 29.24% | WDL-Acc: 50.70% | VRAM: 268M/8016M | LR: 9.05e-04 | Speed: 2944.4 pos/s
Step    450 | Epoch  0 | Loss: 5.1882 (Pol: 4.0783, WDL: 1.0550) | P-Top1: 12.98% | P-Top5: 31.86% | WDL-Acc: 52.36% | VRAM: 278M/8016M | LR: 8.81e-04 | Speed: 2943.6 pos/s
Step    500 | Epoch  0 | Loss: 5.1597 (Pol: 4.0663, WDL: 1.0469) | P-Top1: 12.86% | P-Top5: 31.25% | WDL-Acc: 54.36% | VRAM: 268M/8016M | LR: 8.55e-04 | Speed: 2943.5 pos/s
--- Running Validation at Step 500 ---
Val Loss: 5.1200 (Pol: 3.9810, WDL: 1.0788) | Val P-Top1: 13.52% | Val P-Top5: 32.38% | Val WDL-Acc: 51.96% | Val Q-MSE: 0.1447
Saved new best checkpoint to /home/jeefy/UniChessTransformer/runs/transformer_20m/best_model.pt
Step    550 | Epoch  0 | Loss: 5.0635 (Pol: 3.9467, WDL: 1.0406) | P-Top1: 13.92% | P-Top5: 33.70% | WDL-Acc: 55.62% | VRAM: 268M/8016M | LR: 8.26e-04 | Speed: 2177.5 pos/s
Step    600 | Epoch  0 | Loss: 4.8943 (Pol: 3.8151, WDL: 1.0364) | P-Top1: 14.53% | P-Top5: 34.85% | WDL-Acc: 55.13% | VRAM: 268M/8016M | LR: 7.96e-04 | Speed: 2935.0 pos/s
Step    650 | Epoch  0 | Loss: 4.8487 (Pol: 3.7455, WDL: 1.0299) | P-Top1: 14.64% | P-Top5: 35.30% | WDL-Acc: 56.08% | VRAM: 268M/8016M | LR: 7.64e-04 | Speed: 2938.3 pos/s
Step    700 | Epoch  0 | Loss: 4.7682 (Pol: 3.6621, WDL: 1.0317) | P-Top1: 15.55% | P-Top5: 36.45% | WDL-Acc: 56.56% | VRAM: 278M/8016M | LR: 7.30e-04 | Speed: 2936.6 pos/s
Step    750 | Epoch  0 | Loss: 4.7318 (Pol: 3.5904, WDL: 1.0266) | P-Top1: 16.20% | P-Top5: 37.29% | WDL-Acc: 57.15% | VRAM: 268M/8016M | LR: 6.94e-04 | Speed: 2925.3 pos/s
Step    800 | Epoch  0 | Loss: 4.6271 (Pol: 3.5428, WDL: 1.0169) | P-Top1: 16.35% | P-Top5: 38.07% | WDL-Acc: 57.89% | VRAM: 268M/8016M | LR: 6.58e-04 | Speed: 2931.5 pos/s
Step    850 | Epoch  0 | Loss: 4.5646 (Pol: 3.5012, WDL: 1.0169) | P-Top1: 16.57% | P-Top5: 38.96% | WDL-Acc: 58.63% | VRAM: 268M/8016M | LR: 6.21e-04 | Speed: 2926.7 pos/s
Step    900 | Epoch  0 | Loss: 4.4938 (Pol: 3.4452, WDL: 1.0191) | P-Top1: 17.03% | P-Top5: 39.13% | WDL-Acc: 57.82% | VRAM: 268M/8016M | LR: 5.82e-04 | Speed: 2930.6 pos/s
Step    950 | Epoch  0 | Loss: 4.4793 (Pol: 3.4007, WDL: 1.0162) | P-Top1: 17.80% | P-Top5: 40.06% | WDL-Acc: 58.39% | VRAM: 268M/8016M | LR: 5.44e-04 | Speed: 2930.2 pos/s
Step   1000 | Epoch  0 | Loss: 4.4458 (Pol: 3.3641, WDL: 1.0077) | P-Top1: 18.12% | P-Top5: 40.65% | WDL-Acc: 59.48% | VRAM: 268M/8016M | LR: 5.05e-04 | Speed: 2934.6 pos/s
--- Running Validation at Step 1000 ---
Val Loss: 4.4511 (Pol: 3.3441, WDL: 1.0599) | Val P-Top1: 17.03% | Val P-Top5: 39.02% | Val WDL-Acc: 45.85% | Val Q-MSE: 0.1215
Saved new best checkpoint to /home/jeefy/UniChessTransformer/runs/transformer_20m/best_model.pt
Saved checkpoint to /home/jeefy/UniChessTransformer/runs/transformer_20m/step_1000.pt
Step   1050 | Epoch  0 | Loss: 4.3937 (Pol: 3.3392, WDL: 1.0085) | P-Top1: 17.76% | P-Top5: 40.48% | WDL-Acc: 58.54% | VRAM: 268M/8016M | LR: 4.66e-04 | Speed: 2192.1 pos/s
Step   1100 | Epoch  0 | Loss: 4.3376 (Pol: 3.2952, WDL: 1.0083) | P-Top1: 18.46% | P-Top5: 41.61% | WDL-Acc: 59.12% | VRAM: 278M/8016M | LR: 4.28e-04 | Speed: 2918.9 pos/s
Step   1150 | Epoch  0 | Loss: 4.3432 (Pol: 3.2630, WDL: 1.0056) | P-Top1: 18.54% | P-Top5: 42.54% | WDL-Acc: 59.80% | VRAM: 268M/8016M | LR: 3.89e-04 | Speed: 2928.3 pos/s
Step   1200 | Epoch  0 | Loss: 4.2814 (Pol: 3.2385, WDL: 1.0051) | P-Top1: 18.41% | P-Top5: 42.06% | WDL-Acc: 60.05% | VRAM: 268M/8016M | LR: 3.52e-04 | Speed: 2923.2 pos/s
Step   1250 | Epoch  0 | Loss: 4.2595 (Pol: 3.1990, WDL: 0.9996) | P-Top1: 19.53% | P-Top5: 42.97% | WDL-Acc: 60.93% | VRAM: 268M/8016M | LR: 3.16e-04 | Speed: 2927.9 pos/s
Step   1300 | Epoch  0 | Loss: 4.2228 (Pol: 3.1775, WDL: 1.0017) | P-Top1: 19.79% | P-Top5: 43.93% | WDL-Acc: 60.66% | VRAM: 268M/8016M | LR: 2.80e-04 | Speed: 2932.9 pos/s
Step   1350 | Epoch  0 | Loss: 4.1994 (Pol: 3.1659, WDL: 0.9964) | P-Top1: 19.79% | P-Top5: 43.77% | WDL-Acc: 61.54% | VRAM: 268M/8016M | LR: 2.46e-04 | Speed: 2920.7 pos/s
Step   1400 | Epoch  0 | Loss: 4.2069 (Pol: 3.1588, WDL: 0.9941) | P-Top1: 19.73% | P-Top5: 44.27% | WDL-Acc: 61.66% | VRAM: 268M/8016M | LR: 2.14e-04 | Speed: 2924.9 pos/s
Step   1450 | Epoch  0 | Loss: 4.1572 (Pol: 3.1128, WDL: 0.9941) | P-Top1: 20.61% | P-Top5: 45.11% | WDL-Acc: 62.05% | VRAM: 268M/8016M | LR: 1.84e-04 | Speed: 2930.7 pos/s
Step   1500 | Epoch  0 | Loss: 4.1096 (Pol: 3.0871, WDL: 0.9886) | P-Top1: 20.48% | P-Top5: 45.49% | WDL-Acc: 63.44% | VRAM: 268M/8016M | LR: 1.55e-04 | Speed: 2930.7 pos/s
--- Running Validation at Step 1500 ---
Val Loss: 4.1701 (Pol: 3.0933, WDL: 1.0339) | Val P-Top1: 19.13% | Val P-Top5: 43.06% | Val WDL-Acc: 57.53% | Val Q-MSE: 0.1121
Saved new best checkpoint to /home/jeefy/UniChessTransformer/runs/transformer_20m/best_model.pt
Step   1550 | Epoch  0 | Loss: 4.1108 (Pol: 3.0855, WDL: 0.9853) | P-Top1: 21.05% | P-Top5: 45.89% | WDL-Acc: 63.02% | VRAM: 268M/8016M | LR: 1.29e-04 | Speed: 2214.4 pos/s
Step   1600 | Epoch  0 | Loss: 4.1236 (Pol: 3.0763, WDL: 0.9836) | P-Top1: 20.29% | P-Top5: 45.50% | WDL-Acc: 63.12% | VRAM: 278M/8016M | LR: 1.05e-04 | Speed: 2926.5 pos/s
Step   1650 | Epoch  0 | Loss: 4.0963 (Pol: 3.0539, WDL: 0.9883) | P-Top1: 21.27% | P-Top5: 46.20% | WDL-Acc: 62.36% | VRAM: 278M/8016M | LR: 8.29e-05 | Speed: 2918.8 pos/s
Step   1700 | Epoch  0 | Loss: 4.0713 (Pol: 3.0431, WDL: 0.9861) | P-Top1: 21.09% | P-Top5: 46.94% | WDL-Acc: 63.63% | VRAM: 278M/8016M | LR: 6.40e-05 | Speed: 2927.3 pos/s
Step   1750 | Epoch  0 | Loss: 4.0656 (Pol: 3.0427, WDL: 0.9802) | P-Top1: 21.07% | P-Top5: 46.67% | WDL-Acc: 63.88% | VRAM: 268M/8016M | LR: 4.77e-05 | Speed: 2921.1 pos/s
Step   1800 | Epoch  0 | Loss: 4.0310 (Pol: 3.0180, WDL: 0.9759) | P-Top1: 21.51% | P-Top5: 46.88% | WDL-Acc: 64.30% | VRAM: 268M/8016M | LR: 3.42e-05 | Speed: 2938.0 pos/s
Step   1850 | Epoch  0 | Loss: 4.0590 (Pol: 3.0280, WDL: 0.9793) | P-Top1: 21.64% | P-Top5: 47.65% | WDL-Acc: 64.10% | VRAM: 268M/8016M | LR: 2.37e-05 | Speed: 2938.7 pos/s
Step   1900 | Epoch  0 | Loss: 4.0497 (Pol: 3.0317, WDL: 0.9751) | P-Top1: 21.56% | P-Top5: 46.70% | WDL-Acc: 64.58% | VRAM: 278M/8016M | LR: 1.61e-05 | Speed: 2934.3 pos/s
Step   1950 | Epoch  0 | Loss: 4.0511 (Pol: 3.0238, WDL: 0.9769) | P-Top1: 21.65% | P-Top5: 47.11% | WDL-Acc: 64.96% | VRAM: 278M/8016M | LR: 1.15e-05 | Speed: 2933.0 pos/s
Step   2000 | Epoch  0 | Loss: 4.0408 (Pol: 3.0199, WDL: 0.9762) | P-Top1: 21.34% | P-Top5: 47.04% | WDL-Acc: 64.35% | VRAM: 268M/8016M | LR: 1.00e-05 | Speed: 2938.3 pos/s
--- Running Validation at Step 2000 ---
Val Loss: 4.0841 (Pol: 3.0156, WDL: 1.0282) | Val P-Top1: 20.12% | Val P-Top5: 45.36% | Val WDL-Acc: 59.38% | Val Q-MSE: 0.1082
Saved new best checkpoint to /home/jeefy/UniChessTransformer/runs/transformer_20m/best_model.pt
Saved checkpoint to /home/jeefy/UniChessTransformer/runs/transformer_20m/step_2000.pt
Training completed at step 2000. Final model saved to /home/jeefy/UniChessTransformer/runs/transformer_20m/final_model.pt
